// Jest Snapshot v1, https://goo.gl/fbAQLP

exports[`Home renders the App screen 1`] = `null`;
